---
http_interactions:
- request:
    method: get
    uri: http://api.lvh.me:3000/categories/7
    body:
      encoding: US-ASCII
      string: ''
    headers:
      Authorization:
      - Client-ID baaa6a1214d50b3586bec6e06157aab859bd4d86dc0b755360f103f38974edc3
  response:
    status:
      code: 200
      message: OK
    headers:
      Access-Control-Allow-Origin:
      - "*"
      Access-Control-Request-Method:
      - "*"
      Access-Control-Allow-Headers:
      - "*"
      Access-Control-Expose-Headers:
      - Link,X-Total,X-Per-Page,X-RateLimit-Limit,X-RateLimit-Remaining
      Warning:
      - 'Category endpoints are deprecated. Use Collections instead. See: https://unsplash.com/documentation#collections'
      Cache-Control:
      - no-cache, no-store, must-revalidate
      Surrogate-Control:
      - max-age=7200, stale-if-error=86400
      Content-Type:
      - application/json
      X-Ratelimit-Limit:
      - '100'
      X-Ratelimit-Remaining:
      - '12'
      X-Request-Id:
      - 234b2c14-d712-4bf0-9147-8f7385df0c7e
      X-Runtime:
      - '0.164045'
      Vary:
      - Origin
      Content-Length:
      - '157'
    body:
      encoding: UTF-8
      string: '{"id":7,"title":"Technology","photo_count":1407,"links":{"self":"http://api.lvh.me:3000/categories/7","photos":"http://api.lvh.me:3000/categories/7/photos"}}'
    http_version: 
  recorded_at: Fri, 08 Dec 2017 18:27:44 GMT
- request:
    method: get
    uri: http://api.lvh.me:3000/categories/7/photos?page=1&per_page=13
    body:
      encoding: US-ASCII
      string: ''
    headers:
      Authorization:
      - Client-ID baaa6a1214d50b3586bec6e06157aab859bd4d86dc0b755360f103f38974edc3
  response:
    status:
      code: 200
      message: OK
    headers:
      Access-Control-Allow-Origin:
      - "*"
      Access-Control-Request-Method:
      - "*"
      Access-Control-Allow-Headers:
      - "*"
      Access-Control-Expose-Headers:
      - Link,X-Total,X-Per-Page,X-RateLimit-Limit,X-RateLimit-Remaining
      Warning:
      - 'Category endpoints are deprecated. Use Collections instead. See: https://unsplash.com/documentation#collections'
      Cache-Control:
      - no-cache, no-store, must-revalidate
      Surrogate-Control:
      - max-age=300, stale-if-error=86400
      Link:
      - <http://api.lvh.me:3000/categories/7/photos?page=93&per_page=13>; rel="last",
        <http://api.lvh.me:3000/categories/7/photos?page=2&per_page=13>; rel="next"
      X-Total:
      - '1198'
      X-Per-Page:
      - '13'
      Content-Type:
      - application/json
      X-Ratelimit-Limit:
      - '100'
      X-Ratelimit-Remaining:
      - '11'
      X-Request-Id:
      - 27eeba20-cbd0-4dce-ab93-f50c38d099bd
      X-Runtime:
      - '0.356812'
      Vary:
      - Origin
      Content-Length:
      - '33657'
    body:
      encoding: UTF-8
      string: '[{"id":"oCbrjDECdK0","created_at":"2016-08-14T07:40:54-04:00","updated_at":"2017-08-08T10:57:57-04:00","width":3824,"height":3064,"color":"#EEE2DB","likes":43,"liked_by_user":false,"description":null,"user":{"id":"wpPybVWRH5A","updated_at":"2017-08-10T16:48:58-04:00","username":"ultralinx","name":"Oliur
        Rahman","first_name":"Oliur","last_name":"Rahman","twitter_username":"ultralinx","portfolio_url":"http://oliur.com","bio":"I''m
        a designer and entrepreneur who enjoys taking pictures in my free time.","location":"United
        Kingdom","total_likes":0,"total_photos":17,"total_collections":0,"profile_image":{"small":"https://images.unsplash.com/profile-1469963995475-273f3742cda7?ixlib=rb-0.3.5&q=80&fm=jpg&crop=faces&cs=tinysrgb&fit=crop&h=32&w=32&s=7c661ead6e674f4b453fb13ad5968b31","medium":"https://images.unsplash.com/profile-1469963995475-273f3742cda7?ixlib=rb-0.3.5&q=80&fm=jpg&crop=faces&cs=tinysrgb&fit=crop&h=64&w=64&s=c995b27989309541e4ebc53452a9086c","large":"https://images.unsplash.com/profile-1469963995475-273f3742cda7?ixlib=rb-0.3.5&q=80&fm=jpg&crop=faces&cs=tinysrgb&fit=crop&h=128&w=128&s=0955f4e2ab31fe98fa04e8eab788d232"},"links":{"self":"http://api.localhost:3000/users/ultralinx","html":"http://lvh.me:3000/@ultralinx","photos":"http://api.localhost:3000/users/ultralinx/photos","likes":"http://api.localhost:3000/users/ultralinx/likes","portfolio":"http://api.localhost:3000/users/ultralinx/portfolio","following":"http://api.localhost:3000/users/ultralinx/following","followers":"http://api.localhost:3000/users/ultralinx/followers"}},"current_user_collections":[],"urls":{"raw":"https://images.unsplash.com/photo-1471174826377-f3da3bd635e4","full":"https://images.unsplash.com/photo-1471174826377-f3da3bd635e4?ixlib=rb-0.3.5&q=85&fm=jpg&crop=entropy&cs=srgb&s=2b803f28ca67b2563ebbb4119a6bd5b0","regular":"https://images.unsplash.com/photo-1471174826377-f3da3bd635e4?ixlib=rb-0.3.5&q=80&fm=jpg&crop=entropy&cs=tinysrgb&w=1080&fit=max&s=d13aff73ebd7381986f63661be62347b","small":"https://images.unsplash.com/photo-1471174826377-f3da3bd635e4?ixlib=rb-0.3.5&q=80&fm=jpg&crop=entropy&cs=tinysrgb&w=400&fit=max&s=b7902c825644e56bfa4f66eed067fe4e","thumb":"https://images.unsplash.com/photo-1471174826377-f3da3bd635e4?ixlib=rb-0.3.5&q=80&fm=jpg&crop=entropy&cs=tinysrgb&w=200&fit=max&s=d6c02ab86260199bb4e22797c896889e"},"categories":[],"links":{"self":"http://api.localhost:3000/photos/oCbrjDECdK0","html":"http://lvh.me:3000/photos/oCbrjDECdK0","download":"http://lvh.me:3000/photos/oCbrjDECdK0/download","download_location":"http://api.localhost:3000/photos/oCbrjDECdK0/download"}},{"id":"sjA1cUah57c","created_at":"2016-08-14T07:36:26-04:00","updated_at":"2017-07-18T17:34:56-04:00","width":4592,"height":3064,"color":"#1F1E23","likes":41,"liked_by_user":false,"description":null,"user":{"id":"wpPybVWRH5A","updated_at":"2017-08-10T16:48:58-04:00","username":"ultralinx","name":"Oliur
        Rahman","first_name":"Oliur","last_name":"Rahman","twitter_username":"ultralinx","portfolio_url":"http://oliur.com","bio":"I''m
        a designer and entrepreneur who enjoys taking pictures in my free time.","location":"United
        Kingdom","total_likes":0,"total_photos":17,"total_collections":0,"profile_image":{"small":"https://images.unsplash.com/profile-1469963995475-273f3742cda7?ixlib=rb-0.3.5&q=80&fm=jpg&crop=faces&cs=tinysrgb&fit=crop&h=32&w=32&s=7c661ead6e674f4b453fb13ad5968b31","medium":"https://images.unsplash.com/profile-1469963995475-273f3742cda7?ixlib=rb-0.3.5&q=80&fm=jpg&crop=faces&cs=tinysrgb&fit=crop&h=64&w=64&s=c995b27989309541e4ebc53452a9086c","large":"https://images.unsplash.com/profile-1469963995475-273f3742cda7?ixlib=rb-0.3.5&q=80&fm=jpg&crop=faces&cs=tinysrgb&fit=crop&h=128&w=128&s=0955f4e2ab31fe98fa04e8eab788d232"},"links":{"self":"http://api.localhost:3000/users/ultralinx","html":"http://lvh.me:3000/@ultralinx","photos":"http://api.localhost:3000/users/ultralinx/photos","likes":"http://api.localhost:3000/users/ultralinx/likes","portfolio":"http://api.localhost:3000/users/ultralinx/portfolio","following":"http://api.localhost:3000/users/ultralinx/following","followers":"http://api.localhost:3000/users/ultralinx/followers"}},"current_user_collections":[],"urls":{"raw":"https://images.unsplash.com/photo-1471174569907-e911cbbd6d5f","full":"https://images.unsplash.com/photo-1471174569907-e911cbbd6d5f?ixlib=rb-0.3.5&q=85&fm=jpg&crop=entropy&cs=srgb&s=8d0f36033a52c7dc737f331db506e3ef","regular":"https://images.unsplash.com/photo-1471174569907-e911cbbd6d5f?ixlib=rb-0.3.5&q=80&fm=jpg&crop=entropy&cs=tinysrgb&w=1080&fit=max&s=574fdf58f8bb43f14de911060d357749","small":"https://images.unsplash.com/photo-1471174569907-e911cbbd6d5f?ixlib=rb-0.3.5&q=80&fm=jpg&crop=entropy&cs=tinysrgb&w=400&fit=max&s=0aefec7840f93cae5928fd0d9a446db2","thumb":"https://images.unsplash.com/photo-1471174569907-e911cbbd6d5f?ixlib=rb-0.3.5&q=80&fm=jpg&crop=entropy&cs=tinysrgb&w=200&fit=max&s=685a9b128d973457ef86e107c694bb41"},"categories":[],"links":{"self":"http://api.localhost:3000/photos/sjA1cUah57c","html":"http://lvh.me:3000/photos/sjA1cUah57c","download":"http://lvh.me:3000/photos/sjA1cUah57c/download","download_location":"http://api.localhost:3000/photos/sjA1cUah57c/download"}},{"id":"rM7fqrIQb94","created_at":"2016-08-14T07:35:02-04:00","updated_at":"2017-08-08T05:19:53-04:00","width":3816,"height":3058,"color":"#110E12","likes":276,"liked_by_user":false,"description":null,"user":{"id":"wpPybVWRH5A","updated_at":"2017-08-10T16:48:58-04:00","username":"ultralinx","name":"Oliur
        Rahman","first_name":"Oliur","last_name":"Rahman","twitter_username":"ultralinx","portfolio_url":"http://oliur.com","bio":"I''m
        a designer and entrepreneur who enjoys taking pictures in my free time.","location":"United
        Kingdom","total_likes":0,"total_photos":17,"total_collections":0,"profile_image":{"small":"https://images.unsplash.com/profile-1469963995475-273f3742cda7?ixlib=rb-0.3.5&q=80&fm=jpg&crop=faces&cs=tinysrgb&fit=crop&h=32&w=32&s=7c661ead6e674f4b453fb13ad5968b31","medium":"https://images.unsplash.com/profile-1469963995475-273f3742cda7?ixlib=rb-0.3.5&q=80&fm=jpg&crop=faces&cs=tinysrgb&fit=crop&h=64&w=64&s=c995b27989309541e4ebc53452a9086c","large":"https://images.unsplash.com/profile-1469963995475-273f3742cda7?ixlib=rb-0.3.5&q=80&fm=jpg&crop=faces&cs=tinysrgb&fit=crop&h=128&w=128&s=0955f4e2ab31fe98fa04e8eab788d232"},"links":{"self":"http://api.localhost:3000/users/ultralinx","html":"http://lvh.me:3000/@ultralinx","photos":"http://api.localhost:3000/users/ultralinx/photos","likes":"http://api.localhost:3000/users/ultralinx/likes","portfolio":"http://api.localhost:3000/users/ultralinx/portfolio","following":"http://api.localhost:3000/users/ultralinx/following","followers":"http://api.localhost:3000/users/ultralinx/followers"}},"current_user_collections":[],"urls":{"raw":"https://images.unsplash.com/photo-1471174466996-0aa69dbda661","full":"https://images.unsplash.com/photo-1471174466996-0aa69dbda661?ixlib=rb-0.3.5&q=85&fm=jpg&crop=entropy&cs=srgb&s=0853df64e55fa318379768cfcc67b8d3","regular":"https://images.unsplash.com/photo-1471174466996-0aa69dbda661?ixlib=rb-0.3.5&q=80&fm=jpg&crop=entropy&cs=tinysrgb&w=1080&fit=max&s=d0cf901baa536941f402d51fca78c6bd","small":"https://images.unsplash.com/photo-1471174466996-0aa69dbda661?ixlib=rb-0.3.5&q=80&fm=jpg&crop=entropy&cs=tinysrgb&w=400&fit=max&s=5966265d87c7104c530cb7eb03a9e40c","thumb":"https://images.unsplash.com/photo-1471174466996-0aa69dbda661?ixlib=rb-0.3.5&q=80&fm=jpg&crop=entropy&cs=tinysrgb&w=200&fit=max&s=a7b4802f1d80120fd0f79a22dd97ca06"},"categories":[],"links":{"self":"http://api.localhost:3000/photos/rM7fqrIQb94","html":"http://lvh.me:3000/photos/rM7fqrIQb94","download":"http://lvh.me:3000/photos/rM7fqrIQb94/download","download_location":"http://api.localhost:3000/photos/rM7fqrIQb94/download"}},{"id":"spMklwv9hbU","created_at":"2016-08-14T07:33:31-04:00","updated_at":"2017-07-18T17:35:01-04:00","width":3424,"height":3424,"color":"#010D18","likes":34,"liked_by_user":false,"description":null,"user":{"id":"wpPybVWRH5A","updated_at":"2017-08-10T16:48:58-04:00","username":"ultralinx","name":"Oliur
        Rahman","first_name":"Oliur","last_name":"Rahman","twitter_username":"ultralinx","portfolio_url":"http://oliur.com","bio":"I''m
        a designer and entrepreneur who enjoys taking pictures in my free time.","location":"United
        Kingdom","total_likes":0,"total_photos":17,"total_collections":0,"profile_image":{"small":"https://images.unsplash.com/profile-1469963995475-273f3742cda7?ixlib=rb-0.3.5&q=80&fm=jpg&crop=faces&cs=tinysrgb&fit=crop&h=32&w=32&s=7c661ead6e674f4b453fb13ad5968b31","medium":"https://images.unsplash.com/profile-1469963995475-273f3742cda7?ixlib=rb-0.3.5&q=80&fm=jpg&crop=faces&cs=tinysrgb&fit=crop&h=64&w=64&s=c995b27989309541e4ebc53452a9086c","large":"https://images.unsplash.com/profile-1469963995475-273f3742cda7?ixlib=rb-0.3.5&q=80&fm=jpg&crop=faces&cs=tinysrgb&fit=crop&h=128&w=128&s=0955f4e2ab31fe98fa04e8eab788d232"},"links":{"self":"http://api.localhost:3000/users/ultralinx","html":"http://lvh.me:3000/@ultralinx","photos":"http://api.localhost:3000/users/ultralinx/photos","likes":"http://api.localhost:3000/users/ultralinx/likes","portfolio":"http://api.localhost:3000/users/ultralinx/portfolio","following":"http://api.localhost:3000/users/ultralinx/following","followers":"http://api.localhost:3000/users/ultralinx/followers"}},"current_user_collections":[],"urls":{"raw":"https://images.unsplash.com/photo-1471174385502-c534f5357874","full":"https://images.unsplash.com/photo-1471174385502-c534f5357874?ixlib=rb-0.3.5&q=85&fm=jpg&crop=entropy&cs=srgb&s=44317a4b7497e1a3d7a55ac4caebe3e6","regular":"https://images.unsplash.com/photo-1471174385502-c534f5357874?ixlib=rb-0.3.5&q=80&fm=jpg&crop=entropy&cs=tinysrgb&w=1080&fit=max&s=ff1105f0454d383586d0c10dd7dd1533","small":"https://images.unsplash.com/photo-1471174385502-c534f5357874?ixlib=rb-0.3.5&q=80&fm=jpg&crop=entropy&cs=tinysrgb&w=400&fit=max&s=3697aba3f5a89a346aa42b9954de186a","thumb":"https://images.unsplash.com/photo-1471174385502-c534f5357874?ixlib=rb-0.3.5&q=80&fm=jpg&crop=entropy&cs=tinysrgb&w=200&fit=max&s=84f4b2b8645d52121a441bffb5ec1ecb"},"categories":[],"links":{"self":"http://api.localhost:3000/photos/spMklwv9hbU","html":"http://lvh.me:3000/photos/spMklwv9hbU","download":"http://lvh.me:3000/photos/spMklwv9hbU/download","download_location":"http://api.localhost:3000/photos/spMklwv9hbU/download"}},{"id":"LaMuhwxeHEU","created_at":"2016-08-14T05:26:31-04:00","updated_at":"2017-07-16T00:54:16-04:00","width":4896,"height":3264,"color":"#A2DBF2","likes":8,"liked_by_user":false,"description":null,"user":{"id":"WaPIZQ3uhCw","updated_at":"2017-08-10T16:41:12-04:00","username":"raulpetri","name":"Raul
        Petri","first_name":"Raul","last_name":"Petri","twitter_username":null,"portfolio_url":null,"bio":"Amateur
        Photographer based in Cluj-Napoca, Romania. I am using the lens as a medium
        of expression to project my view of the mundane world.","location":"Romania,
        Cluj-Napoca","total_likes":0,"total_photos":47,"total_collections":1,"profile_image":{"small":"https://images.unsplash.com/profile-1501597954215-98be758912bd?ixlib=rb-0.3.5&q=80&fm=jpg&crop=faces&cs=tinysrgb&fit=crop&h=32&w=32&s=442bf307475ee0075f0834e3b550621a","medium":"https://images.unsplash.com/profile-1501597954215-98be758912bd?ixlib=rb-0.3.5&q=80&fm=jpg&crop=faces&cs=tinysrgb&fit=crop&h=64&w=64&s=bd5dbdd4337486900109ebe7a90ab673","large":"https://images.unsplash.com/profile-1501597954215-98be758912bd?ixlib=rb-0.3.5&q=80&fm=jpg&crop=faces&cs=tinysrgb&fit=crop&h=128&w=128&s=99758bc9878fb0398fb173e7e4baf3ed"},"links":{"self":"http://api.localhost:3000/users/raulpetri","html":"http://lvh.me:3000/@raulpetri","photos":"http://api.localhost:3000/users/raulpetri/photos","likes":"http://api.localhost:3000/users/raulpetri/likes","portfolio":"http://api.localhost:3000/users/raulpetri/portfolio","following":"http://api.localhost:3000/users/raulpetri/following","followers":"http://api.localhost:3000/users/raulpetri/followers"}},"current_user_collections":[],"urls":{"raw":"https://images.unsplash.com/photo-1471166700279-dd763d1b1380","full":"https://images.unsplash.com/photo-1471166700279-dd763d1b1380?ixlib=rb-0.3.5&q=85&fm=jpg&crop=entropy&cs=srgb&s=04adf492ddf71b0683476123458146f2","regular":"https://images.unsplash.com/photo-1471166700279-dd763d1b1380?ixlib=rb-0.3.5&q=80&fm=jpg&crop=entropy&cs=tinysrgb&w=1080&fit=max&s=583be2ee1b11378dafaf50c5f9a736b4","small":"https://images.unsplash.com/photo-1471166700279-dd763d1b1380?ixlib=rb-0.3.5&q=80&fm=jpg&crop=entropy&cs=tinysrgb&w=400&fit=max&s=c1da378c74702a06cfeb27729ac027d1","thumb":"https://images.unsplash.com/photo-1471166700279-dd763d1b1380?ixlib=rb-0.3.5&q=80&fm=jpg&crop=entropy&cs=tinysrgb&w=200&fit=max&s=e93bdc576a1918656b7cbd424de18f9f"},"categories":[],"links":{"self":"http://api.localhost:3000/photos/LaMuhwxeHEU","html":"http://lvh.me:3000/photos/LaMuhwxeHEU","download":"http://lvh.me:3000/photos/LaMuhwxeHEU/download","download_location":"http://api.localhost:3000/photos/LaMuhwxeHEU/download"}},{"id":"apbSYaCOVUw","created_at":"2016-08-14T01:14:15-04:00","updated_at":"2017-07-16T00:54:16-04:00","width":5456,"height":3064,"color":"#DEE2DD","likes":8,"liked_by_user":false,"description":null,"user":{"id":"NsBZMd6aR-o","updated_at":"2017-08-10T03:15:41-04:00","username":"incorrectfree","name":"Evgeniy
        Koryakin","first_name":"Evgeniy","last_name":"Koryakin","twitter_username":"Incorrectfree","portfolio_url":"https://incorrect.network/","bio":"Not
        alone.","location":"Russia","total_likes":0,"total_photos":35,"total_collections":0,"profile_image":{"small":"https://images.unsplash.com/profile-1499794221595-94c64377f27d?ixlib=rb-0.3.5&q=80&fm=jpg&crop=faces&cs=tinysrgb&fit=crop&h=32&w=32&s=41c5564837ca49d8ea779c568734f834","medium":"https://images.unsplash.com/profile-1499794221595-94c64377f27d?ixlib=rb-0.3.5&q=80&fm=jpg&crop=faces&cs=tinysrgb&fit=crop&h=64&w=64&s=32279ccbfb04137560e2d98ac937a741","large":"https://images.unsplash.com/profile-1499794221595-94c64377f27d?ixlib=rb-0.3.5&q=80&fm=jpg&crop=faces&cs=tinysrgb&fit=crop&h=128&w=128&s=9339fa9ff392c1f714e91d38c828fa3c"},"links":{"self":"http://api.localhost:3000/users/incorrectfree","html":"http://lvh.me:3000/@incorrectfree","photos":"http://api.localhost:3000/users/incorrectfree/photos","likes":"http://api.localhost:3000/users/incorrectfree/likes","portfolio":"http://api.localhost:3000/users/incorrectfree/portfolio","following":"http://api.localhost:3000/users/incorrectfree/following","followers":"http://api.localhost:3000/users/incorrectfree/followers"}},"current_user_collections":[],"urls":{"raw":"https://images.unsplash.com/photo-1471151629713-03f00da8790c","full":"https://images.unsplash.com/photo-1471151629713-03f00da8790c?ixlib=rb-0.3.5&q=85&fm=jpg&crop=entropy&cs=srgb&s=e3eb7c632740fc3f8f3b7a72ae462fa6","regular":"https://images.unsplash.com/photo-1471151629713-03f00da8790c?ixlib=rb-0.3.5&q=80&fm=jpg&crop=entropy&cs=tinysrgb&w=1080&fit=max&s=6a7a33dbbdd4112e87b7a84e9184834c","small":"https://images.unsplash.com/photo-1471151629713-03f00da8790c?ixlib=rb-0.3.5&q=80&fm=jpg&crop=entropy&cs=tinysrgb&w=400&fit=max&s=ddc299547c4653632d27e9b1cada0f9f","thumb":"https://images.unsplash.com/photo-1471151629713-03f00da8790c?ixlib=rb-0.3.5&q=80&fm=jpg&crop=entropy&cs=tinysrgb&w=200&fit=max&s=2962109716e162db2aa6827782f2d0bb"},"categories":[],"links":{"self":"http://api.localhost:3000/photos/apbSYaCOVUw","html":"http://lvh.me:3000/photos/apbSYaCOVUw","download":"http://lvh.me:3000/photos/apbSYaCOVUw/download","download_location":"http://api.localhost:3000/photos/apbSYaCOVUw/download"}},{"id":"20dfXAV8AzQ","created_at":"2016-08-13T04:41:54-04:00","updated_at":"2017-08-10T02:34:04-04:00","width":4928,"height":3264,"color":"#FE600A","likes":55,"liked_by_user":false,"description":null,"user":{"id":"24WgX7XKfqI","updated_at":"2017-08-10T02:34:04-04:00","username":"nakitac","name":"Nakita
        Cheung","first_name":"Nakita","last_name":"Cheung","twitter_username":null,"portfolio_url":"http://peachyplu.tumblr.com/tagged/psff","bio":"Photography
        is my hobby. I shoot with a Nikon D7000 and generally with a 1.8f 50mm lens.","location":null,"total_likes":0,"total_photos":23,"total_collections":0,"profile_image":{"small":"https://images.unsplash.com/profile-1471077900042-fcda8f17a6e6?ixlib=rb-0.3.5&q=80&fm=jpg&crop=faces&cs=tinysrgb&fit=crop&h=32&w=32&s=173af026dafcdf94566e5e74c0fb4382","medium":"https://images.unsplash.com/profile-1471077900042-fcda8f17a6e6?ixlib=rb-0.3.5&q=80&fm=jpg&crop=faces&cs=tinysrgb&fit=crop&h=64&w=64&s=f95563ad1d556c2e08fabd9b7a7da6ef","large":"https://images.unsplash.com/profile-1471077900042-fcda8f17a6e6?ixlib=rb-0.3.5&q=80&fm=jpg&crop=faces&cs=tinysrgb&fit=crop&h=128&w=128&s=cc070aa3a977fc6e5ef169d82ef80007"},"links":{"self":"http://api.localhost:3000/users/nakitac","html":"http://lvh.me:3000/@nakitac","photos":"http://api.localhost:3000/users/nakitac/photos","likes":"http://api.localhost:3000/users/nakitac/likes","portfolio":"http://api.localhost:3000/users/nakitac/portfolio","following":"http://api.localhost:3000/users/nakitac/following","followers":"http://api.localhost:3000/users/nakitac/followers"}},"current_user_collections":[],"urls":{"raw":"https://images.unsplash.com/photo-1471077563966-6593279c10ec","full":"https://images.unsplash.com/photo-1471077563966-6593279c10ec?ixlib=rb-0.3.5&q=85&fm=jpg&crop=entropy&cs=srgb&s=ad1c3444549ea9602fd7175c2ac490af","regular":"https://images.unsplash.com/photo-1471077563966-6593279c10ec?ixlib=rb-0.3.5&q=80&fm=jpg&crop=entropy&cs=tinysrgb&w=1080&fit=max&s=9a6758994e7d000d8bfa803276fe9f96","small":"https://images.unsplash.com/photo-1471077563966-6593279c10ec?ixlib=rb-0.3.5&q=80&fm=jpg&crop=entropy&cs=tinysrgb&w=400&fit=max&s=ef65a472ed78a7c5ed168a383bd111e4","thumb":"https://images.unsplash.com/photo-1471077563966-6593279c10ec?ixlib=rb-0.3.5&q=80&fm=jpg&crop=entropy&cs=tinysrgb&w=200&fit=max&s=5b4100dd216d980ae5217e64bbf05108"},"categories":[],"links":{"self":"http://api.localhost:3000/photos/20dfXAV8AzQ","html":"http://lvh.me:3000/photos/20dfXAV8AzQ","download":"http://lvh.me:3000/photos/20dfXAV8AzQ/download","download_location":"http://api.localhost:3000/photos/20dfXAV8AzQ/download"}},{"id":"Am1io6KusFM","created_at":"2016-08-12T11:13:31-04:00","updated_at":"2017-08-09T11:21:38-04:00","width":4766,"height":3177,"color":"#252321","likes":150,"liked_by_user":false,"description":null,"user":{"id":"DkMY4nACDA0","updated_at":"2017-08-10T14:14:36-04:00","username":"davidgrdm","name":"David
        Grandmougin","first_name":"David","last_name":"Grandmougin","twitter_username":"davidgrdm","portfolio_url":"http://davidgrandmougin.com","bio":"photographer\r\n","location":"Metz,
        France","total_likes":0,"total_photos":11,"total_collections":0,"profile_image":{"small":"https://images.unsplash.com/profile-1459973819099-bd386d26663c?ixlib=rb-0.3.5&q=80&fm=jpg&crop=faces&cs=tinysrgb&fit=crop&h=32&w=32&s=635b15eb1bd7c8aabaec5e45a84d38d5","medium":"https://images.unsplash.com/profile-1459973819099-bd386d26663c?ixlib=rb-0.3.5&q=80&fm=jpg&crop=faces&cs=tinysrgb&fit=crop&h=64&w=64&s=db18c91e9634e9ddab9a0a7b3f96025c","large":"https://images.unsplash.com/profile-1459973819099-bd386d26663c?ixlib=rb-0.3.5&q=80&fm=jpg&crop=faces&cs=tinysrgb&fit=crop&h=128&w=128&s=908ac21165c4b8ebd88fc6e28dc9ec82"},"links":{"self":"http://api.localhost:3000/users/davidgrdm","html":"http://lvh.me:3000/@davidgrdm","photos":"http://api.localhost:3000/users/davidgrdm/photos","likes":"http://api.localhost:3000/users/davidgrdm/likes","portfolio":"http://api.localhost:3000/users/davidgrdm/portfolio","following":"http://api.localhost:3000/users/davidgrdm/following","followers":"http://api.localhost:3000/users/davidgrdm/followers"}},"current_user_collections":[],"urls":{"raw":"https://images.unsplash.com/photo-1471014706828-7f1b12e6d88b","full":"https://images.unsplash.com/photo-1471014706828-7f1b12e6d88b?ixlib=rb-0.3.5&q=85&fm=jpg&crop=entropy&cs=srgb&s=da3eddf4d723b9e3bf47bcb4341f19d0","regular":"https://images.unsplash.com/photo-1471014706828-7f1b12e6d88b?ixlib=rb-0.3.5&q=80&fm=jpg&crop=entropy&cs=tinysrgb&w=1080&fit=max&s=b73eab3bf70b71f2da655f4b8339ed82","small":"https://images.unsplash.com/photo-1471014706828-7f1b12e6d88b?ixlib=rb-0.3.5&q=80&fm=jpg&crop=entropy&cs=tinysrgb&w=400&fit=max&s=ae094517aabda2a8c867d93d2de1bcf8","thumb":"https://images.unsplash.com/photo-1471014706828-7f1b12e6d88b?ixlib=rb-0.3.5&q=80&fm=jpg&crop=entropy&cs=tinysrgb&w=200&fit=max&s=63fed4bd567dc2a6cbdf8fb3a53119d4"},"categories":[],"links":{"self":"http://api.localhost:3000/photos/Am1io6KusFM","html":"http://lvh.me:3000/photos/Am1io6KusFM","download":"http://lvh.me:3000/photos/Am1io6KusFM/download","download_location":"http://api.localhost:3000/photos/Am1io6KusFM/download"}},{"id":"hYaChgtcfNw","created_at":"2016-08-11T17:17:39-04:00","updated_at":"2017-08-09T23:52:28-04:00","width":4056,"height":2686,"color":"#E9E0D6","likes":39,"liked_by_user":false,"description":null,"user":{"id":"XkhRZldUbC4","updated_at":"2017-08-09T23:52:28-04:00","username":"ionass86","name":"Jonatán
        Becerra","first_name":"Jonatán","last_name":"Becerra","twitter_username":null,"portfolio_url":null,"bio":null,"location":null,"total_likes":0,"total_photos":6,"total_collections":0,"profile_image":{"small":"https://images.unsplash.com/profile-fb-1470949751-c8f303207f1c.jpg?ixlib=rb-0.3.5&q=80&fm=jpg&crop=faces&cs=tinysrgb&fit=crop&h=32&w=32&s=e42ef6173031cffa78a0b5e29f022fce","medium":"https://images.unsplash.com/profile-fb-1470949751-c8f303207f1c.jpg?ixlib=rb-0.3.5&q=80&fm=jpg&crop=faces&cs=tinysrgb&fit=crop&h=64&w=64&s=2276602f7db8230a46b5916c86bfd6ba","large":"https://images.unsplash.com/profile-fb-1470949751-c8f303207f1c.jpg?ixlib=rb-0.3.5&q=80&fm=jpg&crop=faces&cs=tinysrgb&fit=crop&h=128&w=128&s=087a746bf7c24e3c5fe9c20ffc097d78"},"links":{"self":"http://api.localhost:3000/users/ionass86","html":"http://lvh.me:3000/@ionass86","photos":"http://api.localhost:3000/users/ionass86/photos","likes":"http://api.localhost:3000/users/ionass86/likes","portfolio":"http://api.localhost:3000/users/ionass86/portfolio","following":"http://api.localhost:3000/users/ionass86/following","followers":"http://api.localhost:3000/users/ionass86/followers"}},"current_user_collections":[],"urls":{"raw":"https://images.unsplash.com/photo-1470946807784-10d54dce2f5b","full":"https://images.unsplash.com/photo-1470946807784-10d54dce2f5b?ixlib=rb-0.3.5&q=85&fm=jpg&crop=entropy&cs=srgb&s=f425acd5a1fc06b1e26a8b9ad78e37e0","regular":"https://images.unsplash.com/photo-1470946807784-10d54dce2f5b?ixlib=rb-0.3.5&q=80&fm=jpg&crop=entropy&cs=tinysrgb&w=1080&fit=max&s=de034beaeaae5a6c35e6ff4edcb2942e","small":"https://images.unsplash.com/photo-1470946807784-10d54dce2f5b?ixlib=rb-0.3.5&q=80&fm=jpg&crop=entropy&cs=tinysrgb&w=400&fit=max&s=aecec8005f809486fe4f76357ddc54c0","thumb":"https://images.unsplash.com/photo-1470946807784-10d54dce2f5b?ixlib=rb-0.3.5&q=80&fm=jpg&crop=entropy&cs=tinysrgb&w=200&fit=max&s=f085d5ea06c269412d008acafd510a17"},"categories":[],"links":{"self":"http://api.localhost:3000/photos/hYaChgtcfNw","html":"http://lvh.me:3000/photos/hYaChgtcfNw","download":"http://lvh.me:3000/photos/hYaChgtcfNw/download","download_location":"http://api.localhost:3000/photos/hYaChgtcfNw/download"}},{"id":"i2HJKAskJ68","created_at":"2016-08-11T14:35:38-04:00","updated_at":"2017-08-06T14:32:58-04:00","width":4288,"height":2848,"color":"#F6F6F8","likes":89,"liked_by_user":false,"description":null,"user":{"id":"pzgl7Npybd4","updated_at":"2017-08-08T09:11:32-04:00","username":"rosalindjchang","name":"Rosalind
        Chang","first_name":"Rosalind","last_name":"Chang","twitter_username":null,"portfolio_url":"http://rosalind-chang.tumblr.com","bio":null,"location":null,"total_likes":0,"total_photos":54,"total_collections":0,"profile_image":{"small":"https://images.unsplash.com/profile-fb-1463371584-c32588ee0509.jpg?ixlib=rb-0.3.5&q=80&fm=jpg&crop=faces&cs=tinysrgb&fit=crop&h=32&w=32&s=ead98610ac4e3f2e87f9fc505a2a25d5","medium":"https://images.unsplash.com/profile-fb-1463371584-c32588ee0509.jpg?ixlib=rb-0.3.5&q=80&fm=jpg&crop=faces&cs=tinysrgb&fit=crop&h=64&w=64&s=142f737f901a58c9b3903e19a4d57150","large":"https://images.unsplash.com/profile-fb-1463371584-c32588ee0509.jpg?ixlib=rb-0.3.5&q=80&fm=jpg&crop=faces&cs=tinysrgb&fit=crop&h=128&w=128&s=6668f59224c4bdbfeed6258f883bb522"},"links":{"self":"http://api.localhost:3000/users/rosalindjchang","html":"http://lvh.me:3000/@rosalindjchang","photos":"http://api.localhost:3000/users/rosalindjchang/photos","likes":"http://api.localhost:3000/users/rosalindjchang/likes","portfolio":"http://api.localhost:3000/users/rosalindjchang/portfolio","following":"http://api.localhost:3000/users/rosalindjchang/following","followers":"http://api.localhost:3000/users/rosalindjchang/followers"}},"current_user_collections":[],"urls":{"raw":"https://images.unsplash.com/photo-1470940511639-1068d7764233","full":"https://images.unsplash.com/photo-1470940511639-1068d7764233?ixlib=rb-0.3.5&q=85&fm=jpg&crop=entropy&cs=srgb&s=d43d98d7fb991221533bdfff1da09c50","regular":"https://images.unsplash.com/photo-1470940511639-1068d7764233?ixlib=rb-0.3.5&q=80&fm=jpg&crop=entropy&cs=tinysrgb&w=1080&fit=max&s=2f8e539f4dbb2fff13151937b0c1e123","small":"https://images.unsplash.com/photo-1470940511639-1068d7764233?ixlib=rb-0.3.5&q=80&fm=jpg&crop=entropy&cs=tinysrgb&w=400&fit=max&s=729f4081d595baa941c08de327c4274a","thumb":"https://images.unsplash.com/photo-1470940511639-1068d7764233?ixlib=rb-0.3.5&q=80&fm=jpg&crop=entropy&cs=tinysrgb&w=200&fit=max&s=91a6258af3d3277f99a31d2359171304"},"categories":[],"links":{"self":"http://api.localhost:3000/photos/i2HJKAskJ68","html":"http://lvh.me:3000/photos/i2HJKAskJ68","download":"http://lvh.me:3000/photos/i2HJKAskJ68/download","download_location":"http://api.localhost:3000/photos/i2HJKAskJ68/download"}},{"id":"CQYPwt-jBbQ","created_at":"2016-08-10T17:18:39-04:00","updated_at":"2017-08-07T20:59:20-04:00","width":6000,"height":3376,"color":"#F3EFF2","likes":48,"liked_by_user":false,"description":null,"user":{"id":"tmsUHJ94wKA","updated_at":"2017-08-10T16:26:00-04:00","username":"anckor","name":"Julian
        O''hayon","first_name":"Julian","last_name":"O''hayon","twitter_username":null,"portfolio_url":"https://instagram.com/anckor","bio":"Designer
        & Entrepreneur from Brussels.","location":"Brussels, Belgium","total_likes":0,"total_photos":12,"total_collections":0,"profile_image":{"small":"https://images.unsplash.com/profile-1470863706360-688ccbd923f3?ixlib=rb-0.3.5&q=80&fm=jpg&crop=faces&cs=tinysrgb&fit=crop&h=32&w=32&s=51add7bde2e2032d55853c91739416aa","medium":"https://images.unsplash.com/profile-1470863706360-688ccbd923f3?ixlib=rb-0.3.5&q=80&fm=jpg&crop=faces&cs=tinysrgb&fit=crop&h=64&w=64&s=5c641482abab60ea8ebe3505c880bea2","large":"https://images.unsplash.com/profile-1470863706360-688ccbd923f3?ixlib=rb-0.3.5&q=80&fm=jpg&crop=faces&cs=tinysrgb&fit=crop&h=128&w=128&s=cf95a91aa4fa5e4573c9115c399064e9"},"links":{"self":"http://api.localhost:3000/users/anckor","html":"http://lvh.me:3000/@anckor","photos":"http://api.localhost:3000/users/anckor/photos","likes":"http://api.localhost:3000/users/anckor/likes","portfolio":"http://api.localhost:3000/users/anckor/portfolio","following":"http://api.localhost:3000/users/anckor/following","followers":"http://api.localhost:3000/users/anckor/followers"}},"current_user_collections":[],"urls":{"raw":"https://images.unsplash.com/photo-1470863797296-a83a7215c70b","full":"https://images.unsplash.com/photo-1470863797296-a83a7215c70b?ixlib=rb-0.3.5&q=85&fm=jpg&crop=entropy&cs=srgb&s=290c37266d50700f96d10635c98dab9b","regular":"https://images.unsplash.com/photo-1470863797296-a83a7215c70b?ixlib=rb-0.3.5&q=80&fm=jpg&crop=entropy&cs=tinysrgb&w=1080&fit=max&s=407d53acc2f2bf89bd9969dd115e8285","small":"https://images.unsplash.com/photo-1470863797296-a83a7215c70b?ixlib=rb-0.3.5&q=80&fm=jpg&crop=entropy&cs=tinysrgb&w=400&fit=max&s=61934be587331987a01414b2834c9203","thumb":"https://images.unsplash.com/photo-1470863797296-a83a7215c70b?ixlib=rb-0.3.5&q=80&fm=jpg&crop=entropy&cs=tinysrgb&w=200&fit=max&s=0ddfc68b4a1d2ab6c56b862a3b8cb9c5"},"categories":[],"links":{"self":"http://api.localhost:3000/photos/CQYPwt-jBbQ","html":"http://lvh.me:3000/photos/CQYPwt-jBbQ","download":"http://lvh.me:3000/photos/CQYPwt-jBbQ/download","download_location":"http://api.localhost:3000/photos/CQYPwt-jBbQ/download"}},{"id":"WZcl7mOw4pA","created_at":"2016-08-10T10:26:15-04:00","updated_at":"2017-07-16T00:54:24-04:00","width":6000,"height":4000,"color":"#090403","likes":21,"liked_by_user":false,"description":null,"user":{"id":"W_U08eB4_CQ","updated_at":"2017-08-10T13:53:34-04:00","username":"leecampbell","name":"Lee  Campbell","first_name":"Lee
        ","last_name":"Campbell","twitter_username":"LeeCampbell_","portfolio_url":"http://leecampbell.design","bio":null,"location":"Greenville,
        SC","total_likes":0,"total_photos":28,"total_collections":2,"profile_image":{"small":"https://images.unsplash.com/profile-1484886993694-26f1c2806721?ixlib=rb-0.3.5&q=80&fm=jpg&crop=faces&cs=tinysrgb&fit=crop&h=32&w=32&s=159c80be8d741e70dd0e4ad81d05cc93","medium":"https://images.unsplash.com/profile-1484886993694-26f1c2806721?ixlib=rb-0.3.5&q=80&fm=jpg&crop=faces&cs=tinysrgb&fit=crop&h=64&w=64&s=dd70ce9eae8def24faa253acd1991ef6","large":"https://images.unsplash.com/profile-1484886993694-26f1c2806721?ixlib=rb-0.3.5&q=80&fm=jpg&crop=faces&cs=tinysrgb&fit=crop&h=128&w=128&s=c64363496d7b73cb7ce84896e05eadc4"},"links":{"self":"http://api.localhost:3000/users/leecampbell","html":"http://lvh.me:3000/@leecampbell","photos":"http://api.localhost:3000/users/leecampbell/photos","likes":"http://api.localhost:3000/users/leecampbell/likes","portfolio":"http://api.localhost:3000/users/leecampbell/portfolio","following":"http://api.localhost:3000/users/leecampbell/following","followers":"http://api.localhost:3000/users/leecampbell/followers"}},"current_user_collections":[],"urls":{"raw":"https://images.unsplash.com/photo-1470839111740-b167d7ab7c3f","full":"https://images.unsplash.com/photo-1470839111740-b167d7ab7c3f?ixlib=rb-0.3.5&q=85&fm=jpg&crop=entropy&cs=srgb&s=b519155b8757484104993436821a8e39","regular":"https://images.unsplash.com/photo-1470839111740-b167d7ab7c3f?ixlib=rb-0.3.5&q=80&fm=jpg&crop=entropy&cs=tinysrgb&w=1080&fit=max&s=6aa84b804b3ba9af25a2ccd16ad3738e","small":"https://images.unsplash.com/photo-1470839111740-b167d7ab7c3f?ixlib=rb-0.3.5&q=80&fm=jpg&crop=entropy&cs=tinysrgb&w=400&fit=max&s=60919ba1664d3256a46bf5df5b287985","thumb":"https://images.unsplash.com/photo-1470839111740-b167d7ab7c3f?ixlib=rb-0.3.5&q=80&fm=jpg&crop=entropy&cs=tinysrgb&w=200&fit=max&s=b8996fe4aec571da0989a54ea7cdabcc"},"categories":[],"links":{"self":"http://api.localhost:3000/photos/WZcl7mOw4pA","html":"http://lvh.me:3000/photos/WZcl7mOw4pA","download":"http://lvh.me:3000/photos/WZcl7mOw4pA/download","download_location":"http://api.localhost:3000/photos/WZcl7mOw4pA/download"}},{"id":"zO22WaL-QUw","created_at":"2016-08-10T09:26:15-04:00","updated_at":"2017-07-16T00:54:25-04:00","width":5691,"height":3794,"color":"#FFCE71","likes":15,"liked_by_user":false,"description":null,"user":{"id":"XsujG0hFpTA","updated_at":"2017-07-16T00:54:25-04:00","username":"skylight99","name":"Miguel
        Costa","first_name":"Miguel","last_name":"Costa","twitter_username":"mcostaphoto","portfolio_url":"http://miguelcostanet.wixsite.com/photo","bio":"Freelance
        photographer: architecture, landscape, conceptual and food photography are
        some of my areas of work. ","location":"Portugal","total_likes":0,"total_photos":3,"total_collections":2,"profile_image":{"small":"https://images.unsplash.com/profile-1470081202492-df744d0e6c8a?ixlib=rb-0.3.5&q=80&fm=jpg&crop=faces&cs=tinysrgb&fit=crop&h=32&w=32&s=2dcd50ce1fe0051b1291d0178577686d","medium":"https://images.unsplash.com/profile-1470081202492-df744d0e6c8a?ixlib=rb-0.3.5&q=80&fm=jpg&crop=faces&cs=tinysrgb&fit=crop&h=64&w=64&s=5edac9b2ddef4352d31ae02c57fdd36c","large":"https://images.unsplash.com/profile-1470081202492-df744d0e6c8a?ixlib=rb-0.3.5&q=80&fm=jpg&crop=faces&cs=tinysrgb&fit=crop&h=128&w=128&s=1a6768976d3b1ad7f62bddf685aa2796"},"links":{"self":"http://api.localhost:3000/users/skylight99","html":"http://lvh.me:3000/@skylight99","photos":"http://api.localhost:3000/users/skylight99/photos","likes":"http://api.localhost:3000/users/skylight99/likes","portfolio":"http://api.localhost:3000/users/skylight99/portfolio","following":"http://api.localhost:3000/users/skylight99/following","followers":"http://api.localhost:3000/users/skylight99/followers"}},"current_user_collections":[],"urls":{"raw":"https://images.unsplash.com/photo-1470835445096-2d202ecd89e1","full":"https://images.unsplash.com/photo-1470835445096-2d202ecd89e1?ixlib=rb-0.3.5&q=85&fm=jpg&crop=entropy&cs=srgb&s=24a320d2127b6f760914d9313620d3a1","regular":"https://images.unsplash.com/photo-1470835445096-2d202ecd89e1?ixlib=rb-0.3.5&q=80&fm=jpg&crop=entropy&cs=tinysrgb&w=1080&fit=max&s=dc31dedda3cf27d09a9e485450f3bed2","small":"https://images.unsplash.com/photo-1470835445096-2d202ecd89e1?ixlib=rb-0.3.5&q=80&fm=jpg&crop=entropy&cs=tinysrgb&w=400&fit=max&s=3bcbb5b9840a9da6823dc14516eb517f","thumb":"https://images.unsplash.com/photo-1470835445096-2d202ecd89e1?ixlib=rb-0.3.5&q=80&fm=jpg&crop=entropy&cs=tinysrgb&w=200&fit=max&s=80a4ffc2893d31b12867213c4e546e49"},"categories":[],"links":{"self":"http://api.localhost:3000/photos/zO22WaL-QUw","html":"http://lvh.me:3000/photos/zO22WaL-QUw","download":"http://lvh.me:3000/photos/zO22WaL-QUw/download","download_location":"http://api.localhost:3000/photos/zO22WaL-QUw/download"}}]'
    http_version: 
  recorded_at: Fri, 08 Dec 2017 18:27:45 GMT
- request:
    method: get
    uri: http://api.lvh.me:3000/categories/
    body:
      encoding: US-ASCII
      string: ''
    headers:
      Authorization:
      - Client-ID baaa6a1214d50b3586bec6e06157aab859bd4d86dc0b755360f103f38974edc3
  response:
    status:
      code: 200
      message: OK
    headers:
      Access-Control-Allow-Origin:
      - "*"
      Access-Control-Request-Method:
      - "*"
      Access-Control-Allow-Headers:
      - "*"
      Access-Control-Expose-Headers:
      - Link,X-Total,X-Per-Page,X-RateLimit-Limit,X-RateLimit-Remaining
      Warning:
      - 'Category endpoints are deprecated. Use Collections instead. See: https://unsplash.com/documentation#collections'
      Cache-Control:
      - no-cache, no-store, must-revalidate
      Surrogate-Control:
      - max-age=7200, stale-if-error=86400
      Content-Type:
      - application/json
      X-Ratelimit-Limit:
      - '100'
      X-Ratelimit-Remaining:
      - '10'
      X-Request-Id:
      - 4cd381a0-139c-4cd3-87ca-60b6aa6f5537
      X-Runtime:
      - '0.108187'
      Vary:
      - Origin
      Content-Length:
      - '943'
    body:
      encoding: UTF-8
      string: '[{"id":2,"title":"Buildings","photo_count":22897,"links":{"self":"http://api.lvh.me:3000/categories/2","photos":"http://api.lvh.me:3000/categories/2/photos"}},{"id":3,"title":"Food
        & Drink","photo_count":3124,"links":{"self":"http://api.lvh.me:3000/categories/3","photos":"http://api.lvh.me:3000/categories/3/photos"}},{"id":4,"title":"Nature","photo_count":54184,"links":{"self":"http://api.lvh.me:3000/categories/4","photos":"http://api.lvh.me:3000/categories/4/photos"}},{"id":8,"title":"Objects","photo_count":13840,"links":{"self":"http://api.lvh.me:3000/categories/8","photos":"http://api.lvh.me:3000/categories/8/photos"}},{"id":6,"title":"People","photo_count":18319,"links":{"self":"http://api.lvh.me:3000/categories/6","photos":"http://api.lvh.me:3000/categories/6/photos"}},{"id":7,"title":"Technology","photo_count":1407,"links":{"self":"http://api.lvh.me:3000/categories/7","photos":"http://api.lvh.me:3000/categories/7/photos"}}]'
    http_version: 
  recorded_at: Fri, 08 Dec 2017 18:27:45 GMT
- request:
    method: get
    uri: http://api.lvh.me:3000/categories/42
    body:
      encoding: US-ASCII
      string: ''
    headers:
      Authorization:
      - Client-ID baaa6a1214d50b3586bec6e06157aab859bd4d86dc0b755360f103f38974edc3
  response:
    status:
      code: 404
      message: Not Found
    headers:
      Content-Type:
      - application/json
      Access-Control-Allow-Origin:
      - "*"
      Access-Control-Request-Method:
      - "*"
      Access-Control-Allow-Headers:
      - "*"
      Access-Control-Expose-Headers:
      - Link,X-Total,X-Per-Page,X-RateLimit-Limit,X-RateLimit-Remaining
      Cache-Control:
      - no-cache
      X-Ratelimit-Limit:
      - '100'
      X-Ratelimit-Remaining:
      - '9'
      X-Request-Id:
      - 514163b8-3c8e-4453-99b2-0ed41d99d8ba
      X-Runtime:
      - '0.096410'
      Vary:
      - Origin
      Content-Length:
      - '1333'
    body:
      encoding: UTF-8
      string: '{"errors":["Couldn''t find Category with ''id''=42"],"trace":["/Users/aaron/.rvm/gems/ruby-2.3.0@unsplash/gems/activerecord-4.2.7.1/lib/active_record/relation/finder_methods.rb:324:in
        `raise_record_not_found_exception!''","/Users/aaron/.rvm/gems/ruby-2.3.0@unsplash/gems/activerecord-4.2.7.1/lib/active_record/relation/finder_methods.rb:444:in
        `find_one''","/Users/aaron/.rvm/gems/ruby-2.3.0@unsplash/gems/activerecord-4.2.7.1/lib/active_record/relation/finder_methods.rb:423:in
        `find_with_ids''","/Users/aaron/.rvm/gems/ruby-2.3.0@unsplash/gems/activerecord-4.2.7.1/lib/active_record/relation/finder_methods.rb:71:in
        `find''","/Users/aaron/.rvm/gems/ruby-2.3.0@unsplash/gems/activerecord-4.2.7.1/lib/active_record/querying.rb:3:in
        `find''","/Users/aaron/.rvm/gems/ruby-2.3.0@unsplash/gems/activerecord-4.2.7.1/lib/active_record/core.rb:131:in
        `find''","/Users/aaron/source/unsplash/unsplash-api/app/api/unsplash_api/v1/categories.rb:28:in
        `block (3 levels) in <class:Categories>''","/Users/aaron/.rvm/gems/ruby-2.3.0@unsplash/gems/grape-0.19.2/lib/grape/endpoint.rb:59:in
        `call''","/Users/aaron/.rvm/gems/ruby-2.3.0@unsplash/gems/grape-0.19.2/lib/grape/endpoint.rb:59:in
        `block (2 levels) in generate_api_method''","/Users/aaron/.rvm/gems/ruby-2.3.0@unsplash/gems/activesupport-4.2.7.1/lib/active_support/notifications.rb:166:in
        `instrument''"]}'
    http_version: 
  recorded_at: Fri, 08 Dec 2017 18:27:45 GMT
recorded_with: VCR 3.0.3
